
Sat Feb 14 2026 21:57:11 GMT-0700 (Mountain Standard Time): 	'before cli renderer'

Sat Feb 14 2026 21:57:11 GMT-0700 (Mountain Standard Time): 	'after cli renderer'

Sat Feb 14 2026 21:57:11 GMT-0700 (Mountain Standard Time): 	'after strip selectors'

Sat Feb 14 2026 21:57:11 GMT-0700 (Mountain Standard Time): 	'createElement'
{ name: 'div' }

Sat Feb 14 2026 21:57:11 GMT-0700 (Mountain Standard Time): 	'createText'
{ value: '' }

Sat Feb 14 2026 21:57:11 GMT-0700 (Mountain Standard Time): 	'appendChild'
{
  parent: BoxRenderable {
    _events: [Object: null prototype] {},
    _eventsCount: 0,
    _maxListeners: undefined,
    _id: 'div-a5kskigxai',
    num: 2,
    _dirty: true,
    parent: null,
    _visible: true,
    _isDestroyed: false,
    _ctx: CliRenderer {
      _events: [Object: null prototype] {},
      _eventsCount: 0,
      _maxListeners: undefined,
      lib: [FFIRenderLib],
      rendererPtr: 139835618885632,
      stdin: [ReadStream],
      stdout: [WriteStream],
      exitOnCtrlC: true,
      exitSignals: [Array],
      _exitListenersAdded: true,
      _isDestroyed: false,
      _destroyPending: false,
      _destroyFinalized: false,
      nextRenderBuffer: [OptimizedBuffer],
      currentRenderBuffer: [OptimizedBuffer],
      _isRunning: false,
      targetFps: 30,
      maxFps: 60,
      automaticMemorySnapshot: false,
      memorySnapshotInterval: 0,
      memorySnapshotTimer: null,
      lastMemorySnapshot: [Object],
      root: [RootRenderable],
      width: 124,
      height: 40,
      _useThread: false,
      gatherStats: false,
      frameTimes: [],
      maxStatSamples: 300,
      postProcessFns: [],
      backgroundColor: [RGBA],
      waitingForPixelResolution: true,
      rendering: false,
      renderingNative: false,
      renderTimeout: null,
      lastTime: 0,
      frameCount: 0,
      lastFpsTime: 0,
      currentFps: 0,
      targetFrameTime: 33.333333333333336,
      minTargetFrameTime: 16.666666666666668,
      immediateRerenderRequested: false,
      updateScheduled: true,
      liveRequestCounter: 0,
      _controlState: 'idle',
      frameCallbacks: [],
      renderStats: [Object],
      debugOverlay: [Object],
      _console: [TerminalConsole],
      _resolution: null,
      _keyHandler: [InternalKeyHandler],
      _stdinBuffer: [StdinBuffer],
      animationRequest: Map(0) {},
      resizeTimeoutId: null,
      capabilityTimeoutId: Timeout {},
      resizeDebounceDelay: 100,
      enableMouseMovement: true,
      _useMouse: true,
      autoFocus: true,
      _useAlternateScreen: true,
      _suspendedMouseEnabled: false,
      _previousControlState: 'idle',
      capturedRenderable: undefined,
      lastOverRenderableNum: 0,
      lastOverRenderable: undefined,
      currentSelection: null,
      selectionContainers: [],
      clipboard: [Clipboard],
      _splitHeight: 0,
      renderOffset: 0,
      _terminalWidth: 124,
      _terminalHeight: 40,
      _terminalIsSetup: true,
      realStdoutWrite: [Function: writeFast],
      captureCallback: [Function: captureCallback],
      _useConsole: true,
      mouseParser: [MouseParser],
      sigwinchHandler: [Function: bound ],
      _capabilities: [Object],
      _latestPointer: [Object],
      _hasPointer: false,
      _lastPointerModifiers: [Object],
      _currentFocusedRenderable: null,
      lifecyclePasses: Set(0) {},
      _openConsoleOnError: true,
      _paletteDetector: null,
      _cachedPalette: null,
      _paletteDetectionPromise: null,
      _onDestroy: undefined,
      _themeMode: null,
      inputHandlers: [Array],
      prependedInputHandlers: [],
      idleResolvers: [],
      _debugInputs: [],
      _debugModeEnabled: false,
      handleError: [Function: bound ],
      exitHandler: [Function: bound ],
      warningHandler: [Function: bound ],
      interceptStdoutWrite: [Function: interceptStdoutWrite],
      stdinListener: [Function: bound ],
      capabilityHandler: [Function: bound ],
      focusHandler: [Function: bound ],
      themeModeHandler: [Function: bound ],
      Symbol(kCapture): false
    },
    _translateX: 0,
    _translateY: 0,
    _x: 0,
    _y: 0,
    _width: 'auto',
    _height: 'auto',
    _widthValue: 0,
    _heightValue: 0,
    _zIndex: 0,
    selectable: false,
    buffered: false,
    frameBuffer: null,
    _focusable: false,
    _focused: false,
    keypressHandler: null,
    pasteHandler: null,
    _live: false,
    _liveCount: 0,
    _sizeChangeListener: undefined,
    _mouseListener: null,
    _mouseListeners: {},
    _pasteListener: undefined,
    _keyListeners: {},
    yogaNode: X {},
    _positionType: 'relative',
    _overflow: 'visible',
    _position: {},
    _opacity: 1,
    _flexShrink: 1,
    renderableMapById: Map(0) {},
    _childrenInLayoutOrder: [],
    _childrenInZIndexOrder: [],
    needsZIndexSort: false,
    childrenPrimarySortDirty: true,
    childrenSortedByPrimaryAxis: [],
    _shouldUpdateBefore: Set(0) {},
    onLifecyclePass: null,
    renderBefore: undefined,
    renderAfter: undefined,
    _backgroundColor: RGBA { buffer: [Float32Array] },
    _border: false,
    _borderStyle: 'single',
    _borderColor: RGBA { buffer: [Float32Array] },
    _focusedBorderColor: RGBA { buffer: [Float32Array] },
    _customBorderCharsObj: undefined,
    _customBorderChars: undefined,
    borderSides: { top: false, right: false, bottom: false, left: false },
    shouldFill: true,
    _title: undefined,
    _titleAlignment: 'left',
    _defaultOptions: {
      backgroundColor: 'transparent',
      borderStyle: 'single',
      border: false,
      borderColor: '#FFFFFF',
      shouldFill: true,
      titleAlignment: 'left',
      focusedBorderColor: '#00AAFF'
    },
    __ngContext__: 0,
    Symbol(kCapture): false,
    Symbol(@opentui/core/Renderable): true
  },
  child: <ref *1> TextRenderable {
    _events: [Object: null prototype] {},
    _eventsCount: 0,
    _maxListeners: undefined,
    _id: 'text-m9rhd29an3',
    num: 3,
    _dirty: true,
    parent: null,
    _visible: true,
    _isDestroyed: false,
    _ctx: CliRenderer {
      _events: [Object: null prototype] {},
      _eventsCount: 0,
      _maxListeners: undefined,
      lib: [FFIRenderLib],
      rendererPtr: 139835618885632,
      stdin: [ReadStream],
      stdout: [WriteStream],
      exitOnCtrlC: true,
      exitSignals: [Array],
      _exitListenersAdded: true,
      _isDestroyed: false,
      _destroyPending: false,
      _destroyFinalized: false,
      nextRenderBuffer: [OptimizedBuffer],
      currentRenderBuffer: [OptimizedBuffer],
      _isRunning: false,
      targetFps: 30,
      maxFps: 60,
      automaticMemorySnapshot: false,
      memorySnapshotInterval: 0,
      memorySnapshotTimer: null,
      lastMemorySnapshot: [Object],
      root: [RootRenderable],
      width: 124,
      height: 40,
      _useThread: false,
      gatherStats: false,
      frameTimes: [],
      maxStatSamples: 300,
      postProcessFns: [],
      backgroundColor: [RGBA],
      waitingForPixelResolution: true,
      rendering: false,
      renderingNative: false,
      renderTimeout: null,
      lastTime: 0,
      frameCount: 0,
      lastFpsTime: 0,
      currentFps: 0,
      targetFrameTime: 33.333333333333336,
      minTargetFrameTime: 16.666666666666668,
      immediateRerenderRequested: false,
      updateScheduled: true,
      liveRequestCounter: 0,
      _controlState: 'idle',
      frameCallbacks: [],
      renderStats: [Object],
      debugOverlay: [Object],
      _console: [TerminalConsole],
      _resolution: null,
      _keyHandler: [InternalKeyHandler],
      _stdinBuffer: [StdinBuffer],
      animationRequest: Map(0) {},
      resizeTimeoutId: null,
      capabilityTimeoutId: Timeout {},
      resizeDebounceDelay: 100,
      enableMouseMovement: true,
      _useMouse: true,
      autoFocus: true,
      _useAlternateScreen: true,
      _suspendedMouseEnabled: false,
      _previousControlState: 'idle',
      capturedRenderable: undefined,
      lastOverRenderableNum: 0,
      lastOverRenderable: undefined,
      currentSelection: null,
      selectionContainers: [],
      clipboard: [Clipboard],
      _splitHeight: 0,
      renderOffset: 0,
      _terminalWidth: 124,
      _terminalHeight: 40,
      _terminalIsSetup: true,
      realStdoutWrite: [Function: writeFast],
      captureCallback: [Function: captureCallback],
      _useConsole: true,
      mouseParser: [MouseParser],
      sigwinchHandler: [Function: bound ],
      _capabilities: [Object],
      _latestPointer: [Object],
      _hasPointer: false,
      _lastPointerModifiers: [Object],
      _currentFocusedRenderable: null,
      lifecyclePasses: Set(0) {},
      _openConsoleOnError: true,
      _paletteDetector: null,
      _cachedPalette: null,
      _paletteDetectionPromise: null,
      _onDestroy: undefined,
      _themeMode: null,
      inputHandlers: [Array],
      prependedInputHandlers: [],
      idleResolvers: [],
      _debugInputs: [],
      _debugModeEnabled: false,
      handleError: [Function: bound ],
      exitHandler: [Function: bound ],
      warningHandler: [Function: bound ],
      interceptStdoutWrite: [Function: interceptStdoutWrite],
      stdinListener: [Function: bound ],
      capabilityHandler: [Function: bound ],
      focusHandler: [Function: bound ],
      themeModeHandler: [Function: bound ],
      Symbol(kCapture): false
    },
    _translateX: 0,
    _translateY: 0,
    _x: 0,
    _y: 0,
    _width: 'auto',
    _height: 'auto',
    _widthValue: 0,
    _heightValue: 0,
    _zIndex: 0,
    selectable: true,
    buffered: false,
    frameBuffer: null,
    _focusable: false,
    _focused: false,
    keypressHandler: null,
    pasteHandler: null,
    _live: false,
    _liveCount: 0,
    _sizeChangeListener: undefined,
    _mouseListener: null,
    _mouseListeners: {},
    _pasteListener: undefined,
    _keyListeners: {},
    yogaNode: X {},
    _positionType: 'relative',
    _overflow: 'visible',
    _position: {},
    _opacity: 1,
    _flexShrink: 1,
    renderableMapById: Map(0) {},
    _childrenInLayoutOrder: [],
    _childrenInZIndexOrder: [],
    needsZIndexSort: false,
    childrenPrimarySortDirty: true,
    childrenSortedByPrimaryAxis: [],
    _shouldUpdateBefore: Set(0) {},
    onLifecyclePass: [Function: onLifecyclePass],
    renderBefore: undefined,
    renderAfter: undefined,
    _defaultFg: RGBA { buffer: [Float32Array] },
    _defaultBg: RGBA { buffer: [Float32Array] },
    _defaultAttributes: 0,
    _selectionBg: undefined,
    _selectionFg: undefined,
    _wrapMode: 'word',
    lastLocalSelection: null,
    _tabIndicator: undefined,
    _tabIndicatorColor: undefined,
    _scrollX: 0,
    _scrollY: 0,
    _truncate: false,
    textBuffer: TextBuffer {
      lib: [FFIRenderLib],
      bufferPtr: 139834426788864,
      _length: 0,
      _byteSize: 0,
      _lineInfo: undefined,
      _destroyed: false,
      _syntaxStyle: [SyntaxStyle],
      _textBytes: undefined,
      _memId: undefined,
      _appendedChunks: []
    },
    textBufferView: TextBufferView {
      lib: [FFIRenderLib],
      viewPtr: 139834426789376,
      textBuffer: [TextBuffer],
      _destroyed: false
    },
    _defaultOptions: {
      fg: [RGBA],
      bg: [RGBA],
      selectionBg: undefined,
      selectionFg: undefined,
      selectable: true,
      attributes: 0,
      wrapMode: 'word',
      tabIndicator: undefined,
      tabIndicatorColor: undefined,
      truncate: false
    },
    _text: StyledText {
      chunks: [Array],
      Symbol(@opentui/core/StyledText): true
    },
    _hasManualStyledText: false,
    rootTextNode: RootTextNodeRenderable {
      _events: [Object: null prototype] {},
      _eventsCount: 0,
      _maxListeners: undefined,
      _id: 'text-m9rhd29an3-root',
      num: 4,
      _dirty: false,
      parent: null,
      _visible: true,
      _fg: [RGBA],
      _bg: [RGBA],
      _attributes: 0,
      _link: undefined,
      _children: [],
      ctx: [CliRenderer],
      textParent: [Circular *1],
      Symbol(kCapture): false,
      Symbol(@opentui/core/Renderable): true,
      Symbol(@opentui/core/TextNodeRenderable): true
    },
    _contentDefaultOptions: { content: '' },
    Symbol(kCapture): false,
    Symbol(@opentui/core/Renderable): true
  }
}

Sat Feb 14 2026 21:57:11 GMT-0700 (Mountain Standard Time): 	'setValue'
{
  el: <ref *1> TextRenderable {
    _events: [Object: null prototype] {},
    _eventsCount: 0,
    _maxListeners: undefined,
    _id: 'text-m9rhd29an3',
    num: 3,
    _dirty: true,
    parent: RootRenderable {
      _events: [Object: null prototype] {},
      _eventsCount: 0,
      _maxListeners: undefined,
      _id: '__root__',
      num: 1,
      _dirty: true,
      parent: null,
      _visible: true,
      _isDestroyed: false,
      _ctx: [CliRenderer],
      _translateX: 0,
      _translateY: 0,
      _x: 0,
      _y: 0,
      _width: 124,
      _height: 40,
      _widthValue: 124,
      _heightValue: 40,
      _zIndex: 0,
      selectable: false,
      buffered: false,
      frameBuffer: null,
      _focusable: false,
      _focused: false,
      keypressHandler: null,
      pasteHandler: null,
      _live: false,
      _liveCount: 0,
      _sizeChangeListener: undefined,
      _mouseListener: null,
      _mouseListeners: {},
      _pasteListener: undefined,
      _keyListeners: {},
      yogaNode: X {},
      _positionType: 'relative',
      _overflow: 'visible',
      _position: {},
      _opacity: 1,
      _flexShrink: 0,
      renderableMapById: [Map],
      _childrenInLayoutOrder: [Array],
      _childrenInZIndexOrder: [Array],
      needsZIndexSort: true,
      childrenPrimarySortDirty: true,
      childrenSortedByPrimaryAxis: [],
      _shouldUpdateBefore: [Set],
      onLifecyclePass: null,
      renderBefore: undefined,
      renderAfter: undefined,
      renderList: [],
      Symbol(kCapture): false,
      Symbol(@opentui/core/Renderable): true
    },
    _visible: true,
    _isDestroyed: false,
    _ctx: CliRenderer {
      _events: [Object: null prototype] {},
      _eventsCount: 0,
      _maxListeners: undefined,
      lib: [FFIRenderLib],
      rendererPtr: 139835618885632,
      stdin: [ReadStream],
      stdout: [WriteStream],
      exitOnCtrlC: true,
      exitSignals: [Array],
      _exitListenersAdded: true,
      _isDestroyed: false,
      _destroyPending: false,
      _destroyFinalized: false,
      nextRenderBuffer: [OptimizedBuffer],
      currentRenderBuffer: [OptimizedBuffer],
      _isRunning: true,
      targetFps: 30,
      maxFps: 60,
      automaticMemorySnapshot: false,
      memorySnapshotInterval: 0,
      memorySnapshotTimer: null,
      lastMemorySnapshot: [Object],
      root: [RootRenderable],
      width: 124,
      height: 40,
      _useThread: false,
      gatherStats: false,
      frameTimes: [],
      maxStatSamples: 300,
      postProcessFns: [],
      backgroundColor: [RGBA],
      waitingForPixelResolution: true,
      rendering: true,
      renderingNative: false,
      renderTimeout: null,
      lastTime: 1771131431040,
      frameCount: 1,
      lastFpsTime: 1771131431040,
      currentFps: 0,
      targetFrameTime: 33.333333333333336,
      minTargetFrameTime: 16.666666666666668,
      immediateRerenderRequested: false,
      updateScheduled: true,
      liveRequestCounter: 1,
      _controlState: 'auto_started',
      frameCallbacks: [],
      renderStats: [Object],
      debugOverlay: [Object],
      _console: [TerminalConsole],
      _resolution: null,
      _keyHandler: [InternalKeyHandler],
      _stdinBuffer: [StdinBuffer],
      animationRequest: Map(0) {},
      resizeTimeoutId: null,
      capabilityTimeoutId: Timeout {},
      resizeDebounceDelay: 100,
      enableMouseMovement: true,
      _useMouse: true,
      autoFocus: true,
      _useAlternateScreen: true,
      _suspendedMouseEnabled: false,
      _previousControlState: 'idle',
      capturedRenderable: undefined,
      lastOverRenderableNum: 0,
      lastOverRenderable: undefined,
      currentSelection: null,
      selectionContainers: [],
      clipboard: [Clipboard],
      _splitHeight: 0,
      renderOffset: 0,
      _terminalWidth: 124,
      _terminalHeight: 40,
      _terminalIsSetup: true,
      realStdoutWrite: [Function: writeFast],
      captureCallback: [Function: captureCallback],
      _useConsole: true,
      mouseParser: [MouseParser],
      sigwinchHandler: [Function: bound ],
      _capabilities: [Object],
      _latestPointer: [Object],
      _hasPointer: false,
      _lastPointerModifiers: [Object],
      _currentFocusedRenderable: null,
      lifecyclePasses: [Set],
      _openConsoleOnError: true,
      _paletteDetector: null,
      _cachedPalette: null,
      _paletteDetectionPromise: null,
      _onDestroy: undefined,
      _themeMode: null,
      inputHandlers: [Array],
      prependedInputHandlers: [],
      idleResolvers: [],
      _debugInputs: [],
      _debugModeEnabled: false,
      handleError: [Function: bound ],
      exitHandler: [Function: bound ],
      warningHandler: [Function: bound ],
      interceptStdoutWrite: [Function: interceptStdoutWrite],
      stdinListener: [Function: bound ],
      capabilityHandler: [Function: bound ],
      focusHandler: [Function: bound ],
      themeModeHandler: [Function: bound ],
      Symbol(kCapture): false
    },
    _translateX: 0,
    _translateY: 0,
    _x: 0,
    _y: 0,
    _width: 'auto',
    _height: 'auto',
    _widthValue: 0,
    _heightValue: 0,
    _zIndex: 0,
    selectable: true,
    buffered: false,
    frameBuffer: null,
    _focusable: false,
    _focused: false,
    keypressHandler: null,
    pasteHandler: null,
    _live: false,
    _liveCount: 0,
    _sizeChangeListener: undefined,
    _mouseListener: null,
    _mouseListeners: {},
    _pasteListener: undefined,
    _keyListeners: {},
    yogaNode: X {},
    _positionType: 'relative',
    _overflow: 'visible',
    _position: {},
    _opacity: 1,
    _flexShrink: 1,
    renderableMapById: Map(0) {},
    _childrenInLayoutOrder: [],
    _childrenInZIndexOrder: [],
    needsZIndexSort: false,
    childrenPrimarySortDirty: true,
    childrenSortedByPrimaryAxis: [],
    _shouldUpdateBefore: Set(0) {},
    onLifecyclePass: [Function: onLifecyclePass],
    renderBefore: undefined,
    renderAfter: undefined,
    _defaultFg: RGBA { buffer: [Float32Array] },
    _defaultBg: RGBA { buffer: [Float32Array] },
    _defaultAttributes: 0,
    _selectionBg: undefined,
    _selectionFg: undefined,
    _wrapMode: 'word',
    lastLocalSelection: null,
    _tabIndicator: undefined,
    _tabIndicatorColor: undefined,
    _scrollX: 0,
    _scrollY: 0,
    _truncate: false,
    textBuffer: TextBuffer {
      lib: [FFIRenderLib],
      bufferPtr: 139834426788864,
      _length: 0,
      _byteSize: 0,
      _lineInfo: undefined,
      _destroyed: false,
      _syntaxStyle: [SyntaxStyle],
      _textBytes: undefined,
      _memId: undefined,
      _appendedChunks: []
    },
    textBufferView: TextBufferView {
      lib: [FFIRenderLib],
      viewPtr: 139834426789376,
      textBuffer: [TextBuffer],
      _destroyed: false
    },
    _defaultOptions: {
      fg: [RGBA],
      bg: [RGBA],
      selectionBg: undefined,
      selectionFg: undefined,
      selectable: true,
      attributes: 0,
      wrapMode: 'word',
      tabIndicator: undefined,
      tabIndicatorColor: undefined,
      truncate: false
    },
    _text: StyledText {
      chunks: [Array],
      Symbol(@opentui/core/StyledText): true
    },
    _hasManualStyledText: false,
    rootTextNode: RootTextNodeRenderable {
      _events: [Object: null prototype] {},
      _eventsCount: 0,
      _maxListeners: undefined,
      _id: 'text-m9rhd29an3-root',
      num: 4,
      _dirty: false,
      parent: null,
      _visible: true,
      _fg: [RGBA],
      _bg: [RGBA],
      _attributes: 0,
      _link: undefined,
      _children: [],
      ctx: [CliRenderer],
      textParent: [Circular *1],
      Symbol(kCapture): false,
      Symbol(@opentui/core/Renderable): true,
      Symbol(@opentui/core/TextNodeRenderable): true
    },
    _contentDefaultOptions: { content: '' },
    Symbol(kCapture): false,
    Symbol(@opentui/core/Renderable): true
  },
  value: 'Hi: Hello World'
}

Sat Feb 14 2026 21:57:11 GMT-0700 (Mountain Standard Time): 	'after internalCreateApplication'
1

Sat Feb 14 2026 21:57:11 GMT-0700 (Mountain Standard Time): 	'finally'
